../Core/Src/main.c:73:6:HAL_TIM_PeriodElapsedCallback	24	static
../Core/Src/main.c:119:6:HAL_GPIO_EXTI_Callback	16	static
../Core/Src/main.c:162:5:main	8	static
../Core/Src/main.c:218:6:SystemClock_Config	88	static
../Core/Src/main.c:273:13:MX_ADC1_Init	24	static
../Core/Src/main.c:325:13:MX_TIM2_Init	32	static
../Core/Src/main.c:370:13:MX_TIM3_Init	64	static
../Core/Src/main.c:437:13:MX_USART2_UART_Init	8	static
../Core/Src/main.c:470:13:MX_GPIO_Init	40	static
../Core/Src/main.c:505:6:Error_Handler	4	static,ignoring_inline_asm
